
LUZ AYDEE@LAPTOP-49KOIMDF MINGW64 ~/Desktop
$ git config --global user.name "edwin"

LUZ AYDEE@LAPTOP-49KOIMDF MINGW64 ~/Desktop
$ git config --global user.email "edwin.franco@correounivalle.edu.co"

LUZ AYDEE@LAPTOP-49KOIMDF MINGW64 ~/Desktop
$ git checkout -b feature
fatal: not a git repository (or any of the parent directories): .git

LUZ AYDEE@LAPTOP-49KOIMDF MINGW64 ~/Desktop
$ git init proyecto_des
Initialized empty Git repository in C:/Users/LUZ AYDEE/Desktop/proyecto_des/.git/

LUZ AYDEE@LAPTOP-49KOIMDF MINGW64 ~/Desktop
$ cd proyecto_des

LUZ AYDEE@LAPTOP-49KOIMDF MINGW64 ~/Desktop/proyecto_des (master)
$ git checkout -b feature
Switched to a new branch 'feature'

LUZ AYDEE@LAPTOP-49KOIMDF MINGW64 ~/Desktop/proyecto_des (feature)
$ echo "texto inicial"> archivo.txt

LUZ AYDEE@LAPTOP-49KOIMDF MINGW64 ~/Desktop/proyecto_des (feature)
$ git add archivo.txt
warning: in the working copy of 'archivo.txt', LF will be replaced by CRLF the next time Git touches it

LUZ AYDEE@LAPTOP-49KOIMDF MINGW64 ~/Desktop/proyecto_des (feature)
$ git commit -m "commit inicial"
[feature (root-commit) fa99546] commit inicial
 1 file changed, 1 insertion(+)
 create mode 100644 archivo.txt

LUZ AYDEE@LAPTOP-49KOIMDF MINGW64 ~/Desktop/proyecto_des (feature)
$ echo "texto agregado en feature" >> archivo.txt

LUZ AYDEE@LAPTOP-49KOIMDF MINGW64 ~/Desktop/proyecto_des (feature)
$ git commit -am "segundo commit en feature"
warning: in the working copy of 'archivo.txt', LF will be replaced by CRLF the next time Git touches it
[feature 18e0316] segundo commit en feature
 1 file changed, 1 insertion(+)

LUZ AYDEE@LAPTOP-49KOIMDF MINGW64 ~/Desktop/proyecto_des (feature)
$ echo "Nuevo texto agregado" >> archivo.txt

LUZ AYDEE@LAPTOP-49KOIMDF MINGW64 ~/Desktop/proyecto_des (feature)
$ git commit -am "tercer commit en feature"
warning: in the working copy of 'archivo.txt', LF will be replaced by CRLF the next time Git touches it
[feature 275c7d3] tercer commit en feature
 1 file changed, 1 insertion(+)

LUZ AYDEE@LAPTOP-49KOIMDF MINGW64 ~/Desktop/proyecto_des (feature)
$ git checkout master
error: pathspec 'master' did not match any file(s) known to git

LUZ AYDEE@LAPTOP-49KOIMDF MINGW64 ~/Desktop/proyecto_des (feature)
$ git checkout -b master
Switched to a new branch 'master'

LUZ AYDEE@LAPTOP-49KOIMDF MINGW64 ~/Desktop/proyecto_des (master)
$ git merge feature
Already up to date.

LUZ AYDEE@LAPTOP-49KOIMDF MINGW64 ~/Desktop/proyecto_des (master)
$ git reset --hard HEAD~1
HEAD is now at 18e0316 segundo commit en feature

LUZ AYDEE@LAPTOP-49KOIMDF MINGW64 ~/Desktop/proyecto_des (master)
$ git rebase feature
Successfully rebased and updated refs/heads/master.

LUZ AYDEE@LAPTOP-49KOIMDF MINGW64 ~/Desktop/proyecto_des (master)
$ git checkout -b hotfix
Switched to a new branch 'hotfix'

LUZ AYDEE@LAPTOP-49KOIMDF MINGW64 ~/Desktop/proyecto_des (hotfix)
$ echo "Correcciön urgente" >> archivo.txt

LUZ AYDEE@LAPTOP-49KOIMDF MINGW64 ~/Desktop/proyecto_des (hotfix)
$ git commit -am "Hotfix"
warning: in the working copy of 'archivo.txt', LF will be replaced by CRLF the next time Git touches it
[hotfix b54be53] Hotfix
 1 file changed, 1 insertion(+)

LUZ AYDEE@LAPTOP-49KOIMDF MINGW64 ~/Desktop/proyecto_des (hotfix)
$ git checkout master
Switched to branch 'master'

LUZ AYDEE@LAPTOP-49KOIMDF MINGW64 ~/Desktop/proyecto_des (master)
$ git cherry-pick hotfix
[master 85cc039] Hotfix
 Date: Sat Oct 5 14:25:58 2024 -0500
 1 file changed, 1 insertion(+)

LUZ AYDEE@LAPTOP-49KOIMDF MINGW64 ~/Desktop/proyecto_des (master)
$ git checkout feature
Switched to branch 'feature'

LUZ AYDEE@LAPTOP-49KOIMDF MINGW64 ~/Desktop/proyecto_des (feature)
$ echo "cambio en feature" > conflicto.txt

LUZ AYDEE@LAPTOP-49KOIMDF MINGW64 ~/Desktop/proyecto_des (feature)
$ git add conflicto.txt
warning: in the working copy of 'conflicto.txt', LF will be replaced by CRLF the next time Git touches it

LUZ AYDEE@LAPTOP-49KOIMDF MINGW64 ~/Desktop/proyecto_des (feature)
$ git commit -am "cambio en feature"
[feature 8cfb627] cambio en feature
 1 file changed, 1 insertion(+)
 create mode 100644 conflicto.txt

LUZ AYDEE@LAPTOP-49KOIMDF MINGW64 ~/Desktop/proyecto_des (feature)
$ git checkout master
Switched to branch 'master'

LUZ AYDEE@LAPTOP-49KOIMDF MINGW64 ~/Desktop/proyecto_des (master)
$ echo "cambio en master" > conflicto.txt

LUZ AYDEE@LAPTOP-49KOIMDF MINGW64 ~/Desktop/proyecto_des (master)
$ git add conflicto.txt
warning: in the working copy of 'conflicto.txt', LF will be replaced by CRLF the next time Git touches it

LUZ AYDEE@LAPTOP-49KOIMDF MINGW64 ~/Desktop/proyecto_des (master)
$ git commit -am "cambio en master"
[master e762b6b] cambio en master
 1 file changed, 1 insertion(+)
 create mode 100644 conflicto.txt

LUZ AYDEE@LAPTOP-49KOIMDF MINGW64 ~/Desktop/proyecto_des (master)
$ git marger feature
git: 'marger' is not a git command. See 'git --help'.

The most similar command is
        merge

LUZ AYDEE@LAPTOP-49KOIMDF MINGW64 ~/Desktop/proyecto_des (master)
$ git marge feature
git: 'marge' is not a git command. See 'git --help'.

The most similar command is
        merge

LUZ AYDEE@LAPTOP-49KOIMDF MINGW64 ~/Desktop/proyecto_des (master)
$ git merge feature
Auto-merging conflicto.txt
CONFLICT (add/add): Merge conflict in conflicto.txt
Automatic merge failed; fix conflicts and then commit the result.

LUZ AYDEE@LAPTOP-49KOIMDF MINGW64 ~/Desktop/proyecto_des (master|MERGING)
$ git status
On branch master
You have unmerged paths.
  (fix conflicts and run "git commit")
  (use "git merge --abort" to abort the merge)

Unmerged paths:
  (use "git add <file>..." to mark resolution)
        both added:      conflicto.txt

no changes added to commit (use "git add" and/or "git commit -a")

LUZ AYDEE@LAPTOP-49KOIMDF MINGW64 ~/Desktop/proyecto_des (master|MERGING)
$ code conflicto.txt

LUZ AYDEE@LAPTOP-49KOIMDF MINGW64 ~/Desktop/proyecto_des (master|MERGING)
$ git add conflicto.txt

LUZ AYDEE@LAPTOP-49KOIMDF MINGW64 ~/Desktop/proyecto_des (master|MERGING)
$ git commit -m "correccion conflicto en conflicto.txt"
[master faf1f51] correccion conflicto en conflicto.txt

LUZ AYDEE@LAPTOP-49KOIMDF MINGW64 ~/Desktop/proyecto_des (master)
$ git status
On branch master
nothing to commit, working tree clean

LUZ AYDEE@LAPTOP-49KOIMDF MINGW64 ~/Desktop/proyecto_des (master)
$ touch READEME.md

LUZ AYDEE@LAPTOP-49KOIMDF MINGW64 ~/Desktop/proyecto_des (master)
$ code READEME.md

LUZ AYDEE@LAPTOP-49KOIMDF MINGW64 ~/Desktop/proyecto_des (master)
$ ^C

LUZ AYDEE@LAPTOP-49KOIMDF MINGW64 ~/Desktop/proyecto_des (master)
$ git add README.md
fatal: pathspec 'README.md' did not match any files

LUZ AYDEE@LAPTOP-49KOIMDF MINGW64 ~/Desktop/proyecto_des (master)
$ git READEME.md
git: 'READEME.md' is not a git command. See 'git --help'.

LUZ AYDEE@LAPTOP-49KOIMDF MINGW64 ~/Desktop/proyecto_des (master)
$ git add READEME.md

LUZ AYDEE@LAPTOP-49KOIMDF MINGW64 ~/Desktop/proyecto_des (master)
$ git commit -m "pasos del taller"
[master 8893f49] pasos del taller
 1 file changed, 127 insertions(+)
 create mode 100644 READEME.md

LUZ AYDEE@LAPTOP-49KOIMDF MINGW64 ~/Desktop/proyecto_des (master)
$ touch log.txt

LUZ AYDEE@LAPTOP-49KOIMDF MINGW64 ~/Desktop/proyecto_des (master)
$ code  log.txt

LUZ AYDEE@LAPTOP-49KOIMDF MINGW64 ~/Desktop/proyecto_des (master)
$
